Archive member included to satisfy reference by file (symbol)

/usr/lib/x86_64-linux-gnu/libc_nonshared.a(elf-init.oS)
                              /usr/lib/gcc/x86_64-linux-gnu/9/../../../x86_64-linux-gnu/Scrt1.o (__libc_csu_init)

Merging program properties


As-needed library included to satisfy reference by file (symbol)

libc.so.6                     AES_ECB.o (__printf_chk@@GLIBC_2.3.4)

Allocating common symbols
Common symbol       size              file

data                0x10              AES_ECB.o

Discarded input sections

 .note.GNU-stack
                0x0000000000000000        0x0 /usr/lib/gcc/x86_64-linux-gnu/9/../../../x86_64-linux-gnu/Scrt1.o
 .note.gnu.property
                0x0000000000000000       0x20 /usr/lib/gcc/x86_64-linux-gnu/9/../../../x86_64-linux-gnu/crti.o
 .note.GNU-stack
                0x0000000000000000        0x0 /usr/lib/gcc/x86_64-linux-gnu/9/../../../x86_64-linux-gnu/crti.o
 .note.GNU-stack
                0x0000000000000000        0x0 /usr/lib/gcc/x86_64-linux-gnu/9/crtbeginS.o
 .note.gnu.property
                0x0000000000000000       0x20 /usr/lib/gcc/x86_64-linux-gnu/9/crtbeginS.o
 .note.GNU-stack
                0x0000000000000000        0x0 aes.o
 .note.gnu.property
                0x0000000000000000       0x20 aes.o
 .note.GNU-stack
                0x0000000000000000        0x0 AES_ECB.o
 .note.gnu.property
                0x0000000000000000       0x20 AES_ECB.o
 .note.GNU-stack
                0x0000000000000000        0x0 /usr/lib/x86_64-linux-gnu/libc_nonshared.a(elf-init.oS)
 .note.gnu.property
                0x0000000000000000       0x20 /usr/lib/x86_64-linux-gnu/libc_nonshared.a(elf-init.oS)
 .note.GNU-stack
                0x0000000000000000        0x0 /usr/lib/gcc/x86_64-linux-gnu/9/crtendS.o
 .note.gnu.property
                0x0000000000000000       0x20 /usr/lib/gcc/x86_64-linux-gnu/9/crtendS.o
 .note.gnu.property
                0x0000000000000000       0x20 /usr/lib/gcc/x86_64-linux-gnu/9/../../../x86_64-linux-gnu/crtn.o
 .note.GNU-stack
                0x0000000000000000        0x0 /usr/lib/gcc/x86_64-linux-gnu/9/../../../x86_64-linux-gnu/crtn.o

Memory Configuration

Name             Origin             Length             Attributes
*default*        0x0000000000000000 0xffffffffffffffff

Linker script and memory map

LOAD /usr/lib/gcc/x86_64-linux-gnu/9/../../../x86_64-linux-gnu/Scrt1.o
LOAD /usr/lib/gcc/x86_64-linux-gnu/9/../../../x86_64-linux-gnu/crti.o
LOAD /usr/lib/gcc/x86_64-linux-gnu/9/crtbeginS.o
LOAD aes.o
LOAD AES_ECB.o
LOAD /usr/lib/gcc/x86_64-linux-gnu/9/libgcc.a
LOAD /usr/lib/gcc/x86_64-linux-gnu/9/libgcc_s.so
START GROUP
LOAD /usr/lib/gcc/x86_64-linux-gnu/9/libgcc_s.so.1
LOAD /usr/lib/gcc/x86_64-linux-gnu/9/libgcc.a
END GROUP
LOAD /usr/lib/gcc/x86_64-linux-gnu/9/../../../x86_64-linux-gnu/libc.so
START GROUP
LOAD /lib/x86_64-linux-gnu/libc.so.6
LOAD /usr/lib/x86_64-linux-gnu/libc_nonshared.a
LOAD /lib/x86_64-linux-gnu/ld-linux-x86-64.so.2
END GROUP
LOAD /usr/lib/gcc/x86_64-linux-gnu/9/libgcc.a
LOAD /usr/lib/gcc/x86_64-linux-gnu/9/libgcc_s.so
START GROUP
LOAD /usr/lib/gcc/x86_64-linux-gnu/9/libgcc_s.so.1
LOAD /usr/lib/gcc/x86_64-linux-gnu/9/libgcc.a
END GROUP
LOAD /usr/lib/gcc/x86_64-linux-gnu/9/crtendS.o
LOAD /usr/lib/gcc/x86_64-linux-gnu/9/../../../x86_64-linux-gnu/crtn.o
                [!provide]                        PROVIDE (__executable_start = SEGMENT_START ("text-segment", 0x0))
                0x0000000000000318                . = (SEGMENT_START ("text-segment", 0x0) + SIZEOF_HEADERS)

.interp         0x0000000000000318       0x1c
 *(.interp)
 .interp        0x0000000000000318       0x1c /usr/lib/gcc/x86_64-linux-gnu/9/../../../x86_64-linux-gnu/Scrt1.o

.note.gnu.property
                0x0000000000000338       0x20
 .note.gnu.property
                0x0000000000000338       0x20 /usr/lib/gcc/x86_64-linux-gnu/9/../../../x86_64-linux-gnu/Scrt1.o

.note.gnu.build-id
                0x0000000000000358       0x24
 *(.note.gnu.build-id)
 .note.gnu.build-id
                0x0000000000000358       0x24 /usr/lib/gcc/x86_64-linux-gnu/9/../../../x86_64-linux-gnu/Scrt1.o

.note.ABI-tag   0x000000000000037c       0x20
 .note.ABI-tag  0x000000000000037c       0x20 /usr/lib/gcc/x86_64-linux-gnu/9/../../../x86_64-linux-gnu/Scrt1.o

.hash
 *(.hash)

.gnu.hash       0x00000000000003a0       0x24
 *(.gnu.hash)
 .gnu.hash      0x00000000000003a0       0x24 /usr/lib/gcc/x86_64-linux-gnu/9/../../../x86_64-linux-gnu/Scrt1.o

.dynsym         0x00000000000003c8      0x108
 *(.dynsym)
 .dynsym        0x00000000000003c8      0x108 /usr/lib/gcc/x86_64-linux-gnu/9/../../../x86_64-linux-gnu/Scrt1.o

.dynstr         0x00000000000004d0       0xd8
 *(.dynstr)
 .dynstr        0x00000000000004d0       0xd8 /usr/lib/gcc/x86_64-linux-gnu/9/../../../x86_64-linux-gnu/Scrt1.o

.gnu.version    0x00000000000005a8       0x16
 *(.gnu.version)
 .gnu.version   0x00000000000005a8       0x16 /usr/lib/gcc/x86_64-linux-gnu/9/../../../x86_64-linux-gnu/Scrt1.o

.gnu.version_d  0x00000000000005c0        0x0
 *(.gnu.version_d)
 .gnu.version_d
                0x00000000000005c0        0x0 /usr/lib/gcc/x86_64-linux-gnu/9/../../../x86_64-linux-gnu/Scrt1.o

.gnu.version_r  0x00000000000005c0       0x50
 *(.gnu.version_r)
 .gnu.version_r
                0x00000000000005c0       0x50 /usr/lib/gcc/x86_64-linux-gnu/9/../../../x86_64-linux-gnu/Scrt1.o

.rela.dyn       0x0000000000000610       0xc0
 *(.rela.init)
 *(.rela.text .rela.text.* .rela.gnu.linkonce.t.*)
 .rela.text     0x0000000000000610        0x0 /usr/lib/gcc/x86_64-linux-gnu/9/../../../x86_64-linux-gnu/Scrt1.o
 .rela.text.startup
                0x0000000000000610        0x0 /usr/lib/gcc/x86_64-linux-gnu/9/../../../x86_64-linux-gnu/Scrt1.o
 *(.rela.fini)
 *(.rela.rodata .rela.rodata.* .rela.gnu.linkonce.r.*)
 *(.rela.data .rela.data.* .rela.gnu.linkonce.d.*)
 .rela.data.rel.ro
                0x0000000000000610        0x0 /usr/lib/gcc/x86_64-linux-gnu/9/../../../x86_64-linux-gnu/Scrt1.o
 .rela.data.rel.local
                0x0000000000000610       0x18 /usr/lib/gcc/x86_64-linux-gnu/9/../../../x86_64-linux-gnu/Scrt1.o
 *(.rela.tdata .rela.tdata.* .rela.gnu.linkonce.td.*)
 *(.rela.tbss .rela.tbss.* .rela.gnu.linkonce.tb.*)
 *(.rela.ctors)
 *(.rela.dtors)
 *(.rela.got)
 .rela.got      0x0000000000000628       0x78 /usr/lib/gcc/x86_64-linux-gnu/9/../../../x86_64-linux-gnu/Scrt1.o
 *(.rela.bss .rela.bss.* .rela.gnu.linkonce.b.*)
 .rela.bss      0x00000000000006a0        0x0 /usr/lib/gcc/x86_64-linux-gnu/9/../../../x86_64-linux-gnu/Scrt1.o
 *(.rela.ldata .rela.ldata.* .rela.gnu.linkonce.l.*)
 *(.rela.lbss .rela.lbss.* .rela.gnu.linkonce.lb.*)
 *(.rela.lrodata .rela.lrodata.* .rela.gnu.linkonce.lr.*)
 *(.rela.ifunc)
 .rela.ifunc    0x00000000000006a0        0x0 /usr/lib/gcc/x86_64-linux-gnu/9/../../../x86_64-linux-gnu/Scrt1.o
 .rela.fini_array
                0x00000000000006a0       0x18 /usr/lib/gcc/x86_64-linux-gnu/9/../../../x86_64-linux-gnu/Scrt1.o
 .rela.init_array
                0x00000000000006b8       0x18 /usr/lib/gcc/x86_64-linux-gnu/9/../../../x86_64-linux-gnu/Scrt1.o

.rela.plt       0x00000000000006d0       0x78
 *(.rela.plt)
 .rela.plt      0x00000000000006d0       0x78 /usr/lib/gcc/x86_64-linux-gnu/9/../../../x86_64-linux-gnu/Scrt1.o
 *(.rela.iplt)
                0x0000000000001000                . = ALIGN (CONSTANT (MAXPAGESIZE))

.init           0x0000000000001000       0x1b
 *(SORT_NONE(.init))
 .init          0x0000000000001000       0x16 /usr/lib/gcc/x86_64-linux-gnu/9/../../../x86_64-linux-gnu/crti.o
                0x0000000000001000                _init
 .init          0x0000000000001016        0x5 /usr/lib/gcc/x86_64-linux-gnu/9/../../../x86_64-linux-gnu/crtn.o

.plt            0x0000000000001020       0x60
 *(.plt)
 .plt           0x0000000000001020       0x60 /usr/lib/gcc/x86_64-linux-gnu/9/../../../x86_64-linux-gnu/Scrt1.o
 *(.iplt)

.plt.got        0x0000000000001080       0x10
 *(.plt.got)
 .plt.got       0x0000000000001080       0x10 /usr/lib/gcc/x86_64-linux-gnu/9/../../../x86_64-linux-gnu/Scrt1.o
                0x0000000000001080                __cxa_finalize@@GLIBC_2.2.5

.plt.sec        0x0000000000001090       0x50
 *(.plt.sec)
 .plt.sec       0x0000000000001090       0x50 /usr/lib/gcc/x86_64-linux-gnu/9/../../../x86_64-linux-gnu/Scrt1.o
                0x0000000000001090                putchar@@GLIBC_2.2.5
                0x00000000000010a0                puts@@GLIBC_2.2.5
                0x00000000000010b0                __stack_chk_fail@@GLIBC_2.4
                0x00000000000010c0                __isoc99_sscanf@@GLIBC_2.7
                0x00000000000010d0                __printf_chk@@GLIBC_2.3.4

.text           0x00000000000010e0      0xa65
 *(.text.unlikely .text.*_unlikely .text.unlikely.*)
 *(.text.exit .text.exit.*)
 *(.text.startup .text.startup.*)
 .text.startup  0x00000000000010e0      0x123 AES_ECB.o
                0x00000000000010e0                main
 *(.text.hot .text.hot.*)
 *(.text .stub .text.* .gnu.linkonce.t.*)
 *fill*         0x0000000000001203        0xd 
 .text          0x0000000000001210       0x2f /usr/lib/gcc/x86_64-linux-gnu/9/../../../x86_64-linux-gnu/Scrt1.o
                0x0000000000001210                _start
 .text          0x000000000000123f        0x0 /usr/lib/gcc/x86_64-linux-gnu/9/../../../x86_64-linux-gnu/crti.o
 *fill*         0x000000000000123f        0x1 
 .text          0x0000000000001240       0xb9 /usr/lib/gcc/x86_64-linux-gnu/9/crtbeginS.o
 .text          0x00000000000012f9      0x796 aes.o
                0x00000000000018c0                AES_init_ctx
                0x00000000000018c9                AES_init_ctx_iv
                0x00000000000018ea                AES_ctx_set_iv
                0x00000000000018f9                AES_ECB_encrypt
                0x000000000000190b                AES_ECB_decrypt
                0x000000000000191d                AES_CBC_encrypt_buffer
                0x000000000000197d                AES_CBC_decrypt_buffer
                0x00000000000019d9                AES_CTR_xcrypt_buffer
 .text          0x0000000000001a8f       0x3e AES_ECB.o
 *fill*         0x0000000000001acd        0x3 
 .text          0x0000000000001ad0       0x75 /usr/lib/x86_64-linux-gnu/libc_nonshared.a(elf-init.oS)
                0x0000000000001ad0                __libc_csu_init
                0x0000000000001b40                __libc_csu_fini
 .text          0x0000000000001b45        0x0 /usr/lib/gcc/x86_64-linux-gnu/9/crtendS.o
 .text          0x0000000000001b45        0x0 /usr/lib/gcc/x86_64-linux-gnu/9/../../../x86_64-linux-gnu/crtn.o
 *(.gnu.warning)

.fini           0x0000000000001b48        0xd
 *(SORT_NONE(.fini))
 .fini          0x0000000000001b48        0x8 /usr/lib/gcc/x86_64-linux-gnu/9/../../../x86_64-linux-gnu/crti.o
                0x0000000000001b48                _fini
 .fini          0x0000000000001b50        0x5 /usr/lib/gcc/x86_64-linux-gnu/9/../../../x86_64-linux-gnu/crtn.o
                [!provide]                        PROVIDE (__etext = .)
                [!provide]                        PROVIDE (_etext = .)
                [!provide]                        PROVIDE (etext = .)
                0x0000000000002000                . = ALIGN (CONSTANT (MAXPAGESIZE))
                0x0000000000002000                . = SEGMENT_START ("rodata-segment", (ALIGN (CONSTANT (MAXPAGESIZE)) + (. & (CONSTANT (MAXPAGESIZE) - 0x1))))

.rodata         0x0000000000002000      0x2c0
 *(.rodata .rodata.* .gnu.linkonce.r.*)
 .rodata.cst4   0x0000000000002000        0x4 /usr/lib/gcc/x86_64-linux-gnu/9/../../../x86_64-linux-gnu/Scrt1.o
                0x0000000000002000                _IO_stdin_used
 *fill*         0x0000000000002004       0x1c 
 .rodata        0x0000000000002020      0x220 aes.o
 .rodata.str1.1
                0x0000000000002240       0x65 AES_ECB.o
 *fill*         0x00000000000022a5        0xb 
 .rodata.cst16  0x00000000000022b0       0x10 AES_ECB.o

.rodata1
 *(.rodata1)

.eh_frame_hdr   0x00000000000022c0       0xb4
 *(.eh_frame_hdr)
 .eh_frame_hdr  0x00000000000022c0       0xb4 /usr/lib/gcc/x86_64-linux-gnu/9/../../../x86_64-linux-gnu/Scrt1.o
                0x00000000000022c0                __GNU_EH_FRAME_HDR
 *(.eh_frame_entry .eh_frame_entry.*)

.eh_frame       0x0000000000002378      0x350
 *(.eh_frame)
 .eh_frame      0x0000000000002378       0x30 /usr/lib/gcc/x86_64-linux-gnu/9/../../../x86_64-linux-gnu/Scrt1.o
                                         0x2c (size before relaxing)
 *fill*         0x00000000000023a8        0x0 
 .eh_frame      0x00000000000023a8       0x28 /usr/lib/gcc/x86_64-linux-gnu/9/../../../x86_64-linux-gnu/Scrt1.o
                                         0x40 (size before relaxing)
 .eh_frame      0x00000000000023d0       0x18 /usr/lib/gcc/x86_64-linux-gnu/9/../../../x86_64-linux-gnu/Scrt1.o
                                         0x30 (size before relaxing)
 .eh_frame      0x00000000000023e8       0x18 /usr/lib/gcc/x86_64-linux-gnu/9/../../../x86_64-linux-gnu/Scrt1.o
                                         0x30 (size before relaxing)
 .eh_frame      0x0000000000002400      0x200 aes.o
                                        0x218 (size before relaxing)
 .eh_frame      0x0000000000002600       0x68 AES_ECB.o
                                         0x80 (size before relaxing)
 .eh_frame      0x0000000000002668       0x5c /usr/lib/x86_64-linux-gnu/libc_nonshared.a(elf-init.oS)
                                         0x78 (size before relaxing)
 .eh_frame      0x00000000000026c4        0x4 /usr/lib/gcc/x86_64-linux-gnu/9/crtendS.o
 *(.eh_frame.*)

.gcc_except_table
 *(.gcc_except_table .gcc_except_table.*)

.gnu_extab
 *(.gnu_extab*)

.exception_ranges
 *(.exception_ranges*)
                0x0000000000003d98                . = DATA_SEGMENT_ALIGN (CONSTANT (MAXPAGESIZE), CONSTANT (COMMONPAGESIZE))

.eh_frame
 *(.eh_frame)
 *(.eh_frame.*)

.gnu_extab
 *(.gnu_extab)

.gcc_except_table
 *(.gcc_except_table .gcc_except_table.*)

.exception_ranges
 *(.exception_ranges*)

.tdata          0x0000000000003d98        0x0
                [!provide]                        PROVIDE (__tdata_start = .)
 *(.tdata .tdata.* .gnu.linkonce.td.*)

.tbss
 *(.tbss .tbss.* .gnu.linkonce.tb.*)
 *(.tcommon)

.preinit_array  0x0000000000003d98        0x0
                [!provide]                        PROVIDE (__preinit_array_start = .)
 *(.preinit_array)
                [!provide]                        PROVIDE (__preinit_array_end = .)

.init_array     0x0000000000003d98        0x8
                0x0000000000003d98                PROVIDE (__init_array_start = .)
 *(SORT_BY_INIT_PRIORITY(.init_array.*) SORT_BY_INIT_PRIORITY(.ctors.*))
 *(.init_array EXCLUDE_FILE(*crtend?.o *crtend.o *crtbegin?.o *crtbegin.o) .ctors)
 .init_array    0x0000000000003d98        0x8 /usr/lib/gcc/x86_64-linux-gnu/9/crtbeginS.o
                0x0000000000003da0                PROVIDE (__init_array_end = .)

.fini_array     0x0000000000003da0        0x8
                [!provide]                        PROVIDE (__fini_array_start = .)
 *(SORT_BY_INIT_PRIORITY(.fini_array.*) SORT_BY_INIT_PRIORITY(.dtors.*))
 *(.fini_array EXCLUDE_FILE(*crtend?.o *crtend.o *crtbegin?.o *crtbegin.o) .dtors)
 .fini_array    0x0000000000003da0        0x8 /usr/lib/gcc/x86_64-linux-gnu/9/crtbeginS.o
                [!provide]                        PROVIDE (__fini_array_end = .)

.ctors
 *crtbegin.o(.ctors)
 *crtbegin?.o(.ctors)
 *(EXCLUDE_FILE(*crtend?.o *crtend.o) .ctors)
 *(SORT_BY_NAME(.ctors.*))
 *(.ctors)

.dtors
 *crtbegin.o(.dtors)
 *crtbegin?.o(.dtors)
 *(EXCLUDE_FILE(*crtend?.o *crtend.o) .dtors)
 *(SORT_BY_NAME(.dtors.*))
 *(.dtors)

.jcr
 *(.jcr)

.data.rel.ro    0x0000000000003da8        0x0
 *(.data.rel.ro.local* .gnu.linkonce.d.rel.ro.local.*)
 *(.data.rel.ro .data.rel.ro.* .gnu.linkonce.d.rel.ro.*)
 .data.rel.ro   0x0000000000003da8        0x0 /usr/lib/gcc/x86_64-linux-gnu/9/../../../x86_64-linux-gnu/Scrt1.o

.dynamic        0x0000000000003da8      0x1f0
 *(.dynamic)
 .dynamic       0x0000000000003da8      0x1f0 /usr/lib/gcc/x86_64-linux-gnu/9/../../../x86_64-linux-gnu/Scrt1.o
                0x0000000000003da8                _DYNAMIC

.got            0x0000000000003f98       0x68
 *(.got.plt)
 .got.plt       0x0000000000003f98       0x40 /usr/lib/gcc/x86_64-linux-gnu/9/../../../x86_64-linux-gnu/Scrt1.o
                0x0000000000003f98                _GLOBAL_OFFSET_TABLE_
 *(.igot.plt)
 *(.got)
 .got           0x0000000000003fd8       0x28 /usr/lib/gcc/x86_64-linux-gnu/9/../../../x86_64-linux-gnu/Scrt1.o
 *(.igot)
                0x0000000000004000                . = DATA_SEGMENT_RELRO_END (., 0x0)

.data           0x0000000000004000       0x10
 *(.data .data.* .gnu.linkonce.d.*)
 .data          0x0000000000004000        0x4 /usr/lib/gcc/x86_64-linux-gnu/9/../../../x86_64-linux-gnu/Scrt1.o
                0x0000000000004000                data_start
                0x0000000000004000                __data_start
 .data          0x0000000000004004        0x0 /usr/lib/gcc/x86_64-linux-gnu/9/../../../x86_64-linux-gnu/crti.o
 .data          0x0000000000004004        0x0 /usr/lib/gcc/x86_64-linux-gnu/9/crtbeginS.o
 *fill*         0x0000000000004004        0x4 
 .data.rel.local
                0x0000000000004008        0x8 /usr/lib/gcc/x86_64-linux-gnu/9/crtbeginS.o
                0x0000000000004008                __dso_handle
 .data          0x0000000000004010        0x0 aes.o
 .data          0x0000000000004010        0x0 AES_ECB.o
 .data          0x0000000000004010        0x0 /usr/lib/x86_64-linux-gnu/libc_nonshared.a(elf-init.oS)
 .data          0x0000000000004010        0x0 /usr/lib/gcc/x86_64-linux-gnu/9/crtendS.o
 .data          0x0000000000004010        0x0 /usr/lib/gcc/x86_64-linux-gnu/9/../../../x86_64-linux-gnu/crtn.o

.tm_clone_table
                0x0000000000004010        0x0
 .tm_clone_table
                0x0000000000004010        0x0 /usr/lib/gcc/x86_64-linux-gnu/9/crtbeginS.o
 .tm_clone_table
                0x0000000000004010        0x0 /usr/lib/gcc/x86_64-linux-gnu/9/crtendS.o

.data1
 *(.data1)
                0x0000000000004010                _edata = .
                [!provide]                        PROVIDE (edata = .)
                0x0000000000004010                . = .
                0x0000000000004010                __bss_start = .

.bss            0x0000000000004010       0x20
 *(.dynbss)
 .dynbss        0x0000000000004010        0x0 /usr/lib/gcc/x86_64-linux-gnu/9/../../../x86_64-linux-gnu/Scrt1.o
 *(.bss .bss.* .gnu.linkonce.b.*)
 .bss           0x0000000000004010        0x0 /usr/lib/gcc/x86_64-linux-gnu/9/../../../x86_64-linux-gnu/Scrt1.o
 .bss           0x0000000000004010        0x0 /usr/lib/gcc/x86_64-linux-gnu/9/../../../x86_64-linux-gnu/crti.o
 .bss           0x0000000000004010        0x1 /usr/lib/gcc/x86_64-linux-gnu/9/crtbeginS.o
 .bss           0x0000000000004011        0x0 aes.o
 .bss           0x0000000000004011        0x0 AES_ECB.o
 .bss           0x0000000000004011        0x0 /usr/lib/x86_64-linux-gnu/libc_nonshared.a(elf-init.oS)
 .bss           0x0000000000004011        0x0 /usr/lib/gcc/x86_64-linux-gnu/9/crtendS.o
 .bss           0x0000000000004011        0x0 /usr/lib/gcc/x86_64-linux-gnu/9/../../../x86_64-linux-gnu/crtn.o
 *(COMMON)
 *fill*         0x0000000000004011        0xf 
 COMMON         0x0000000000004020       0x10 AES_ECB.o
                0x0000000000004020                data
                0x0000000000004030                . = ALIGN ((. != 0x0)?0x8:0x1)

.lbss
 *(.dynlbss)
 *(.lbss .lbss.* .gnu.linkonce.lb.*)
 *(LARGE_COMMON)
                0x0000000000004030                . = ALIGN (0x8)
                0x0000000000004030                . = SEGMENT_START ("ldata-segment", .)

.lrodata
 *(.lrodata .lrodata.* .gnu.linkonce.lr.*)

.ldata          0x0000000000006030        0x0
 *(.ldata .ldata.* .gnu.linkonce.l.*)
                0x0000000000006030                . = ALIGN ((. != 0x0)?0x8:0x1)
                0x0000000000006030                . = ALIGN (0x8)
                0x0000000000004030                _end = .
                [!provide]                        PROVIDE (end = .)
                0x0000000000006030                . = DATA_SEGMENT_END (.)

.stab
 *(.stab)

.stabstr
 *(.stabstr)

.stab.excl
 *(.stab.excl)

.stab.exclstr
 *(.stab.exclstr)

.stab.index
 *(.stab.index)

.stab.indexstr
 *(.stab.indexstr)

.comment        0x0000000000000000       0x2c
 *(.comment)
 .comment       0x0000000000000000       0x2c /usr/lib/gcc/x86_64-linux-gnu/9/crtbeginS.o
                                         0x2d (size before relaxing)
 .comment       0x000000000000002c       0x2d aes.o
 .comment       0x000000000000002c       0x2d AES_ECB.o
 .comment       0x000000000000002c       0x2d /usr/lib/gcc/x86_64-linux-gnu/9/crtendS.o

.gnu.build.attributes
 *(.gnu.build.attributes .gnu.build.attributes.*)

.debug
 *(.debug)

.line
 *(.line)

.debug_srcinfo
 *(.debug_srcinfo)

.debug_sfnames
 *(.debug_sfnames)

.debug_aranges
 *(.debug_aranges)

.debug_pubnames
 *(.debug_pubnames)

.debug_info
 *(.debug_info .gnu.linkonce.wi.*)

.debug_abbrev
 *(.debug_abbrev)

.debug_line
 *(.debug_line .debug_line.* .debug_line_end)

.debug_frame
 *(.debug_frame)

.debug_str
 *(.debug_str)

.debug_loc
 *(.debug_loc)

.debug_macinfo
 *(.debug_macinfo)

.debug_weaknames
 *(.debug_weaknames)

.debug_funcnames
 *(.debug_funcnames)

.debug_typenames
 *(.debug_typenames)

.debug_varnames
 *(.debug_varnames)

.debug_pubtypes
 *(.debug_pubtypes)

.debug_ranges
 *(.debug_ranges)

.debug_macro
 *(.debug_macro)

.debug_addr
 *(.debug_addr)

.gnu.attributes
 *(.gnu.attributes)

/DISCARD/
 *(.note.GNU-stack)
 *(.gnu_debuglink)
 *(.gnu.lto_*)
OUTPUT(AES_ECB.elf elf64-x86-64)
